npm warn Unknown user config "python". This will stop working in the next major version of npm. See `npm help npmrc` for supported config options.

> shega-desktop@1.0.0 build
> electron-vite build

[36mvite v5.4.21 [32mbuilding SSR bundle for production...[36m[39m
(node:8536) [MODULE_TYPELESS_PACKAGE_JSON] Warning: Module type of file:///C:/Users/Natol/Desktop/Projects/shega-desktop/postcss.config.js is not specified and it doesn't parse as CommonJS.
Reparsing as ES module because module syntax was detected. This incurs a performance overhead.
To eliminate this warning, add "type": "module" to \\?\C:\Users\Natol\Desktop\Projects\shega-desktop\package.json.
(Use `node --trace-warnings ...` to show where the warning was created)
transforming...
[32m✓[39m 35 modules transformed.
rendering chunks...
[2mout/main/[22m[36mindex.js  [39m[1m[33m599.91 kB[39m[22m
[32m✓ built in 8.16s[39m
[36mvite v5.4.21 [32mbuilding SSR bundle for production...[36m[39m
transforming...
[32m✓[39m 1 modules transformed.
rendering chunks...
[2mout/preload/[22m[36mindex.js  [39m[1m[2m27.60 kB[22m[1m[22m
[32m✓ built in 310ms[39m
[36mvite v5.4.21 [32mbuilding for production...[36m[39m
transforming...
[32m✓[39m 3213 modules transformed.
rendering chunks...
[2m../../out/renderer/[22m[32mindex.html                                            [39m[1m[2m    0.88 kB[22m[1m[22m
[2m../../out/renderer/[22m[32massets/profile10-CfXnDBGx.png                         [39m[1m[2m    4.28 kB[22m[1m[22m
[2m../../out/renderer/[22m[32massets/profile8-CMFDUqY_.png                          [39m[1m[2m    4.31 kB[22m[1m[22m
[2m../../out/renderer/[22m[32massets/logo-CQMzsP7h.jpg                              [39m[1m[2m    8.99 kB[22m[1m[22m
[2m../../out/renderer/[22m[32massets/inter-vietnamese-wght-normal-CBcvBZtf.woff2    [39m[1m[2m   10.25 kB[22m[1m[22m
[2m../../out/renderer/[22m[32massets/inter-greek-ext-wght-normal-DlzME5K_.woff2     [39m[1m[2m   11.23 kB[22m[1m[22m
[2m../../out/renderer/[22m[32massets/inter-cyrillic-wght-normal-DqGufNeO.woff2      [39m[1m[2m   18.75 kB[22m[1m[22m
[2m../../out/renderer/[22m[32massets/inter-greek-wght-normal-CkhJZR-_.woff2         [39m[1m[2m   19.00 kB[22m[1m[22m
[2m../../out/renderer/[22m[32massets/inter-cyrillic-ext-wght-normal-BOeWTOD4.woff2  [39m[1m[2m   25.96 kB[22m[1m[22m
[2m../../out/renderer/[22m[32massets/inter-latin-wght-normal-Dx4kXJAl.woff2         [39m[1m[2m   48.26 kB[22m[1m[22m
[2m../../out/renderer/[22m[32massets/inter-latin-ext-wght-normal-DO1Apj_S.woff2     [39m[1m[2m   85.07 kB[22m[1m[22m
[2m../../out/renderer/[22m[35massets/index-DsZ8XX3U.css                             [39m[1m[2m  216.05 kB[22m[1m[22m
[2m../../out/renderer/[22m[36massets/plus-9jKXkRDd.js                               [39m[1m[2m    0.39 kB[22m[1m[22m
[2m../../out/renderer/[22m[36massets/ban-BTiCZ9h1.js                                [39m[1m[2m    0.42 kB[22m[1m[22m
[2m../../out/renderer/[22m[36massets/undo-2-BjkUhhSW.js                             [39m[1m[2m    0.45 kB[22m[1m[22m
[2m../../out/renderer/[22m[36massets/circle-check-big-C3h0s89X.js                   [39m[1m[2m    0.45 kB[22m[1m[22m
[2m../../out/renderer/[22m[36massets/trending-up-BMlpXeLk.js                        [39m[1m[2m    0.46 kB[22m[1m[22m
[2m../../out/renderer/[22m[36massets/smartphone-Dzop9IpK.js                         [39m[1m[2m    0.46 kB[22m[1m[22m
[2m../../out/renderer/[22m[36massets/mail-C9-D0cnf.js                               [39m[1m[2m    0.46 kB[22m[1m[22m
[2m../../out/renderer/[22m[36massets/circle-x-DcoI9ZKp.js                           [39m[1m[2m    0.47 kB[22m[1m[22m
[2m../../out/renderer/[22m[36massets/lock-open-DBSxmWVH.js                          [39m[1m[2m    0.47 kB[22m[1m[22m
[2m../../out/renderer/[22m[36massets/dollar-sign-N9WfH7Yv.js                        [39m[1m[2m    0.48 kB[22m[1m[22m
[2m../../out/renderer/[22m[36massets/pen-DRcuufx4.js                                [39m[1m[2m    0.49 kB[22m[1m[22m
[2m../../out/renderer/[22m[36massets/history-BeSYSuco.js                            [39m[1m[2m    0.49 kB[22m[1m[22m
[2m../../out/renderer/[22m[36massets/ellipsis-DHkHjo9o.js                           [39m[1m[2m    0.50 kB[22m[1m[22m
[2m../../out/renderer/[22m[36massets/activity-BR3sJ0oi.js                           [39m[1m[2m    0.50 kB[22m[1m[22m
[2m../../out/renderer/[22m[36massets/banknote-5-KV3_YH.js                           [39m[1m[2m    0.51 kB[22m[1m[22m
[2m../../out/renderer/[22m[36massets/zap-BYyY9zGG.js                                [39m[1m[2m    0.52 kB[22m[1m[22m
[2m../../out/renderer/[22m[36massets/circle-dollar-sign-BGMN4aKZ.js                 [39m[1m[2m    0.52 kB[22m[1m[22m
[2m../../out/renderer/[22m[36massets/arrow-right-left-BBrtrt4Q.js                   [39m[1m[2m    0.52 kB[22m[1m[22m
[2m../../out/renderer/[22m[36massets/calendar-RL--sbbc.js                           [39m[1m[2m    0.53 kB[22m[1m[22m
[2m../../out/renderer/[22m[36massets/repeat-TZrtJ6X1.js                             [39m[1m[2m    0.53 kB[22m[1m[22m
[2m../../out/renderer/[22m[36massets/map-pin-BOLx51OV.js                            [39m[1m[2m    0.53 kB[22m[1m[22m
[2m../../out/renderer/[22m[36massets/coins-Bgw523KN.js                              [39m[1m[2m    0.54 kB[22m[1m[22m
[2m../../out/renderer/[22m[36massets/pencil-BHJwl6-t.js                             [39m[1m[2m    0.55 kB[22m[1m[22m
[2m../../out/renderer/[22m[36massets/wallet-Djb04CKg.js                             [39m[1m[2m    0.56 kB[22m[1m[22m
[2m../../out/renderer/[22m[36massets/user-plus-BCLsQLv6.js                          [39m[1m[2m    0.59 kB[22m[1m[22m
[2m../../out/renderer/[22m[36massets/square-pen-CUnCwkft.js                         [39m[1m[2m    0.60 kB[22m[1m[22m
[2m../../out/renderer/[22m[36massets/save-Beoyf3yE.js                               [39m[1m[2m    0.60 kB[22m[1m[22m
[2m../../out/renderer/[22m[36massets/printer-BW9IWf9s.js                            [39m[1m[2m    0.61 kB[22m[1m[22m
[2m../../out/renderer/[22m[36massets/gift-DuC8MyOi.js                               [39m[1m[2m    0.65 kB[22m[1m[22m
[2m../../out/renderer/[22m[36massets/phone-q0kUvmwK.js                              [39m[1m[2m    0.66 kB[22m[1m[22m
[2m../../out/renderer/[22m[36massets/calendar-days-CjpWTg80.js                      [39m[1m[2m    0.83 kB[22m[1m[22m
[2m../../out/renderer/[22m[36massets/textarea-fmS7d928.js                           [39m[1m[2m    0.85 kB[22m[1m[22m
[2m../../out/renderer/[22m[36massets/trend-utils-D_UP5BUt.js                        [39m[1m[2m    1.01 kB[22m[1m[22m
[2m../../out/renderer/[22m[36massets/boxes-C2G2Th0j.js                              [39m[1m[2m    1.27 kB[22m[1m[22m
[2m../../out/renderer/[22m[36massets/label-DzCOwpXt.js                              [39m[1m[2m    1.27 kB[22m[1m[22m
[2m../../out/renderer/[22m[36massets/alert-90qjDzaN.js                              [39m[1m[2m    1.98 kB[22m[1m[22m
[2m../../out/renderer/[22m[36massets/card-8oUzQmGq.js                               [39m[1m[2m    2.23 kB[22m[1m[22m
[2m../../out/renderer/[22m[36massets/section-cards-5437z-uY.js                      [39m[1m[2m    2.57 kB[22m[1m[22m
[2m../../out/renderer/[22m[36massets/table-CG9-mofl.js                              [39m[1m[2m    2.72 kB[22m[1m[22m
[2m../../out/renderer/[22m[36massets/DatePicker-CYH_yW2X.js                         [39m[1m[2m    4.04 kB[22m[1m[22m
[2m../../out/renderer/[22m[36massets/tabs-BMMvd5ny.js                               [39m[1m[2m    9.09 kB[22m[1m[22m
[2m../../out/renderer/[22m[36massets/BusinessAssistant-Db_Veqhy.js                  [39m[1m[2m    9.84 kB[22m[1m[22m
[2m../../out/renderer/[22m[36massets/alert-dialog-SGGrflO7.js                       [39m[1m[2m    9.88 kB[22m[1m[22m
[2m../../out/renderer/[22m[36massets/switch-8ENfmKf-.js                             [39m[1m[2m   10.04 kB[22m[1m[22m
[2m../../out/renderer/[22m[36massets/BusinessHealthScore-Dy2Cj4ce.js                [39m[1m[2m   10.17 kB[22m[1m[22m
[2m../../out/renderer/[22m[36massets/AuditLogs-8PDYxAow.js                          [39m[1m[2m   16.20 kB[22m[1m[22m
[2m../../out/renderer/[22m[36massets/toggle-group-D8BwG1iy.js                       [39m[1m[2m   18.32 kB[22m[1m[22m
[2m../../out/renderer/[22m[36massets/SubscriptionPayment-CoxZjXLT.js                [39m[1m[2m   19.34 kB[22m[1m[22m
[2m../../out/renderer/[22m[36massets/Contacts-CSCM-c0L.js                           [39m[1m[2m   19.63 kB[22m[1m[22m
[2m../../out/renderer/[22m[36massets/GiftCards-W_ONvfsb.js                          [39m[1m[2m   20.32 kB[22m[1m[22m
[2m../../out/renderer/[22m[36massets/ReminderHistory-VoPuqfnq.js                    [39m[1m[2m   20.45 kB[22m[1m[22m
[2m../../out/renderer/[22m[36massets/AdminManagement-wqt50xxA.js                    [39m[1m[2m   23.94 kB[22m[1m[22m
[2m../../out/renderer/[22m[36massets/Shipments-DQwT6alM.js                          [39m[1m[2m   25.81 kB[22m[1m[22m
[2m../../out/renderer/[22m[36massets/Register-DDAXewc3.js                           [39m[1m[2m   26.07 kB[22m[1m[22m
[2m../../out/renderer/[22m[36massets/OrderDetail-CGNJt4_r.js                        [39m[1m[2m   27.11 kB[22m[1m[22m
[2m../../out/renderer/[22m[36massets/SubscriptionDashboard-Zxoztsha.js              [39m[1m[2m   27.62 kB[22m[1m[22m
[2m../../out/renderer/[22m[36massets/DebtManagement-UkkWPb4V.js                     [39m[1m[2m   31.89 kB[22m[1m[22m
[2m../../out/renderer/[22m[36massets/Employees-D0tDVSvg.js                          [39m[1m[2m   37.10 kB[22m[1m[22m
[2m../../out/renderer/[22m[36massets/Orders-DRa6w287.js                             [39m[1m[2m   37.64 kB[22m[1m[22m
[2m../../out/renderer/[22m[36massets/SaleDetail-DYNZ5L5c.js                         [39m[1m[2m   40.44 kB[22m[1m[22m
[2m../../out/renderer/[22m[36massets/BusinessCenter-6WA4JTh3.js                     [39m[1m[2m   42.17 kB[22m[1m[22m
[2m../../out/renderer/[22m[36massets/AreaChart-8xNr3H1o.js                          [39m[1m[2m   44.26 kB[22m[1m[22m
[2m../../out/renderer/[22m[36massets/Warehouses-DMPRZsjm.js                         [39m[1m[2m   44.73 kB[22m[1m[22m
[2m../../out/renderer/[22m[36massets/Customers-CN38NeFr.js                          [39m[1m[2m   45.57 kB[22m[1m[22m
[2m../../out/renderer/[22m[36massets/purify.es-CeynxY_r.js                          [39m[1m[2m   49.63 kB[22m[1m[22m
[2m../../out/renderer/[22m[36massets/Analytics-C_gnm1cO.js                          [39m[1m[2m   50.55 kB[22m[1m[22m
[2m../../out/renderer/[22m[36massets/select-q34W0BTC.js                             [39m[1m[2m   57.54 kB[22m[1m[22m
[2m../../out/renderer/[22m[36massets/BarChart-COTteq27.js                           [39m[1m[2m   58.76 kB[22m[1m[22m
[2m../../out/renderer/[22m[36massets/UsersEmployees-sUicqJlA.js                     [39m[1m[2m   68.07 kB[22m[1m[22m
[2m../../out/renderer/[22m[36massets/BudgetManagement-Cwl6rZxt.js                   [39m[1m[2m   73.81 kB[22m[1m[22m
[2m../../out/renderer/[22m[36massets/Sales-DI5Gay7k.js                              [39m[1m[2m   73.86 kB[22m[1m[22m
[2m../../out/renderer/[22m[36massets/Expenses-x14NohzZ.js                           [39m[1m[2m   74.23 kB[22m[1m[22m
[2m../../out/renderer/[22m[36massets/Adjustments-B_7nDdLS.js                        [39m[1m[2m   76.48 kB[22m[1m[22m
[2m../../out/renderer/[22m[36massets/Inventory-hnD4XOhD.js                          [39m[1m[2m   83.95 kB[22m[1m[22m
[2m../../out/renderer/[22m[36massets/Suppliers-bOK9QCJC.js                          [39m[1m[2m   84.85 kB[22m[1m[22m
[2m../../out/renderer/[22m[36massets/Dashboard-UcaeTuug.js                          [39m[1m[2m   88.56 kB[22m[1m[22m
[2m../../out/renderer/[22m[36massets/data-table-D5obuPCb.js                         [39m[1m[2m  139.72 kB[22m[1m[22m
[2m../../out/renderer/[22m[36massets/Reports-D-S5kR1Z.js                            [39m[1m[2m  162.43 kB[22m[1m[22m
[2m../../out/renderer/[22m[36massets/Settings-Ci5YA_1b.js                           [39m[1m[2m  240.07 kB[22m[1m[22m
[2m../../out/renderer/[22m[36massets/index.es-D_bY_xMu.js                           [39m[1m[2m  316.60 kB[22m[1m[22m
[2m../../out/renderer/[22m[36massets/html2canvas.esm-Dtsxr8dG.js                    [39m[1m[2m  349.27 kB[22m[1m[22m
[2m../../out/renderer/[22m[36massets/export-utils-CCEPO3H5.js                       [39m[1m[33m  666.04 kB[39m[22m
[2m../../out/renderer/[22m[36massets/CartesianChart-1pOCg0dg.js                     [39m[1m[33m  778.98 kB[39m[22m
[2m../../out/renderer/[22m[36massets/index-B5_VCXUj.js                              [39m[1m[33m2,010.72 kB[39m[22m
[32m✓ built in 4m 2s[39m
